Archive member included because of file (symbol)

c:/freescale/kds_v3/toolchain/bin/../lib/gcc/arm-none-eabi/4.8.4/../../../../arm-none-eabi/lib/armv6-m\libm.a(lib_a-w_pow.o)
                              ./Sources/logger.o (pow)
c:/freescale/kds_v3/toolchain/bin/../lib/gcc/arm-none-eabi/4.8.4/../../../../arm-none-eabi/lib/armv6-m\libm.a(lib_a-e_pow.o)
                              c:/freescale/kds_v3/toolchain/bin/../lib/gcc/arm-none-eabi/4.8.4/../../../../arm-none-eabi/lib/armv6-m\libm.a(lib_a-w_pow.o) (__ieee754_pow)
c:/freescale/kds_v3/toolchain/bin/../lib/gcc/arm-none-eabi/4.8.4/../../../../arm-none-eabi/lib/armv6-m\libm.a(lib_a-e_sqrt.o)
                              c:/freescale/kds_v3/toolchain/bin/../lib/gcc/arm-none-eabi/4.8.4/../../../../arm-none-eabi/lib/armv6-m\libm.a(lib_a-e_pow.o) (__ieee754_sqrt)
c:/freescale/kds_v3/toolchain/bin/../lib/gcc/arm-none-eabi/4.8.4/../../../../arm-none-eabi/lib/armv6-m\libm.a(lib_a-s_fabs.o)
                              c:/freescale/kds_v3/toolchain/bin/../lib/gcc/arm-none-eabi/4.8.4/../../../../arm-none-eabi/lib/armv6-m\libm.a(lib_a-e_pow.o) (fabs)
c:/freescale/kds_v3/toolchain/bin/../lib/gcc/arm-none-eabi/4.8.4/../../../../arm-none-eabi/lib/armv6-m\libm.a(lib_a-s_finite.o)
                              c:/freescale/kds_v3/toolchain/bin/../lib/gcc/arm-none-eabi/4.8.4/../../../../arm-none-eabi/lib/armv6-m\libm.a(lib_a-w_pow.o) (finite)
c:/freescale/kds_v3/toolchain/bin/../lib/gcc/arm-none-eabi/4.8.4/../../../../arm-none-eabi/lib/armv6-m\libm.a(lib_a-s_fpclassify.o)
                              c:/freescale/kds_v3/toolchain/bin/../lib/gcc/arm-none-eabi/4.8.4/../../../../arm-none-eabi/lib/armv6-m\libm.a(lib_a-w_pow.o) (__fpclassifyd)
c:/freescale/kds_v3/toolchain/bin/../lib/gcc/arm-none-eabi/4.8.4/../../../../arm-none-eabi/lib/armv6-m\libm.a(lib_a-s_lib_ver.o)
                              c:/freescale/kds_v3/toolchain/bin/../lib/gcc/arm-none-eabi/4.8.4/../../../../arm-none-eabi/lib/armv6-m\libm.a(lib_a-w_pow.o) (__fdlib_version)
c:/freescale/kds_v3/toolchain/bin/../lib/gcc/arm-none-eabi/4.8.4/../../../../arm-none-eabi/lib/armv6-m\libm.a(lib_a-s_matherr.o)
                              c:/freescale/kds_v3/toolchain/bin/../lib/gcc/arm-none-eabi/4.8.4/../../../../arm-none-eabi/lib/armv6-m\libm.a(lib_a-w_pow.o) (matherr)
c:/freescale/kds_v3/toolchain/bin/../lib/gcc/arm-none-eabi/4.8.4/../../../../arm-none-eabi/lib/armv6-m\libm.a(lib_a-s_nan.o)
                              c:/freescale/kds_v3/toolchain/bin/../lib/gcc/arm-none-eabi/4.8.4/../../../../arm-none-eabi/lib/armv6-m\libm.a(lib_a-e_pow.o) (nan)
c:/freescale/kds_v3/toolchain/bin/../lib/gcc/arm-none-eabi/4.8.4/../../../../arm-none-eabi/lib/armv6-m\libm.a(lib_a-s_rint.o)
                              c:/freescale/kds_v3/toolchain/bin/../lib/gcc/arm-none-eabi/4.8.4/../../../../arm-none-eabi/lib/armv6-m\libm.a(lib_a-w_pow.o) (rint)
c:/freescale/kds_v3/toolchain/bin/../lib/gcc/arm-none-eabi/4.8.4/../../../../arm-none-eabi/lib/armv6-m\libm.a(lib_a-s_scalbn.o)
                              c:/freescale/kds_v3/toolchain/bin/../lib/gcc/arm-none-eabi/4.8.4/../../../../arm-none-eabi/lib/armv6-m\libm.a(lib_a-e_pow.o) (scalbn)
c:/freescale/kds_v3/toolchain/bin/../lib/gcc/arm-none-eabi/4.8.4/../../../../arm-none-eabi/lib/armv6-m\libm.a(lib_a-s_copysign.o)
                              c:/freescale/kds_v3/toolchain/bin/../lib/gcc/arm-none-eabi/4.8.4/../../../../arm-none-eabi/lib/armv6-m\libm.a(lib_a-s_scalbn.o) (copysign)
c:/freescale/kds_v3/toolchain/bin/../lib/gcc/arm-none-eabi/4.8.4/armv6-m\libgcc.a(_udivsi3.o)
                              ./Sources/uart.o (__aeabi_uidiv)
c:/freescale/kds_v3/toolchain/bin/../lib/gcc/arm-none-eabi/4.8.4/armv6-m\libgcc.a(_divsi3.o)
                              ./Sources/logger.o (__aeabi_idiv)
c:/freescale/kds_v3/toolchain/bin/../lib/gcc/arm-none-eabi/4.8.4/armv6-m\libgcc.a(_dvmd_tls.o)
                              c:/freescale/kds_v3/toolchain/bin/../lib/gcc/arm-none-eabi/4.8.4/armv6-m\libgcc.a(_udivsi3.o) (__aeabi_idiv0)
c:/freescale/kds_v3/toolchain/bin/../lib/gcc/arm-none-eabi/4.8.4/armv6-m\libgcc.a(_arm_cmpdf2.o)
                              c:/freescale/kds_v3/toolchain/bin/../lib/gcc/arm-none-eabi/4.8.4/../../../../arm-none-eabi/lib/armv6-m\libm.a(lib_a-w_pow.o) (__aeabi_dcmpeq)
c:/freescale/kds_v3/toolchain/bin/../lib/gcc/arm-none-eabi/4.8.4/armv6-m\libgcc.a(_arm_cmpsf2.o)
                              ./Sources/logger.o (__aeabi_fcmplt)
c:/freescale/kds_v3/toolchain/bin/../lib/gcc/arm-none-eabi/4.8.4/armv6-m\libgcc.a(eqsf2.o)
                              c:/freescale/kds_v3/toolchain/bin/../lib/gcc/arm-none-eabi/4.8.4/armv6-m\libgcc.a(_arm_cmpsf2.o) (__eqsf2)
c:/freescale/kds_v3/toolchain/bin/../lib/gcc/arm-none-eabi/4.8.4/armv6-m\libgcc.a(gesf2.o)
                              c:/freescale/kds_v3/toolchain/bin/../lib/gcc/arm-none-eabi/4.8.4/armv6-m\libgcc.a(_arm_cmpsf2.o) (__gesf2)
[...]
Memory Configuration

Name             Origin             Length             Attributes
m_interrupts     0x00000000         0x00000100         xr
m_flash_config   0x00000400         0x00000010         xr
m_text           0x00000410         0x0001fbf0         xr
m_data           0x1ffff000         0x00004000         rw
*default*        0x00000000         0xffffffff

Linker script and memory map

LOAD c:/freescale/kds_v3/toolchain/bin/../lib/gcc/arm-none-eabi/4.8.4/armv6-m/crti.o
LOAD c:/freescale/kds_v3/toolchain/bin/../lib/gcc/arm-none-eabi/4.8.4/armv6-m/crtbegin.o
LOAD c:/freescale/kds_v3/toolchain/bin/../lib/gcc/arm-none-eabi/4.8.4/../../../../arm-none-eabi/lib/armv6-m/crt0.o
LOAD ./Sources/cbuffer.o
LOAD ./Sources/led.o
LOAD ./Sources/logger.o
LOAD ./Sources/main.o
LOAD ./Sources/nvic.o
LOAD ./Sources/profiler.o
LOAD ./Sources/uart.o
LOAD ./Project_Settings/Startup_Code/startup_MKL25Z4.o
LOAD ./Project_Settings/Startup_Code/system_MKL25Z4.o
LOAD c:/freescale/kds_v3/toolchain/bin/../lib/gcc/arm-none-eabi/4.8.4/../../../../arm-none-eabi/lib/armv6-m\libstdc++_s.a
LOAD c:/freescale/kds_v3/toolchain/bin/../lib/gcc/arm-none-eabi/4.8.4/../../../../arm-none-eabi/lib/armv6-m\libm.a
START GROUP
LOAD c:/freescale/kds_v3/toolchain/bin/../lib/gcc/arm-none-eabi/4.8.4/armv6-m\libgcc.a
LOAD c:/freescale/kds_v3/toolchain/bin/../lib/gcc/arm-none-eabi/4.8.4/../../../../arm-none-eabi/lib/armv6-m\libg_s.a
LOAD c:/freescale/kds_v3/toolchain/bin/../lib/gcc/arm-none-eabi/4.8.4/../../../../arm-none-eabi/lib/armv6-m\libc_s.a
END GROUP
START GROUP
LOAD c:/freescale/kds_v3/toolchain/bin/../lib/gcc/arm-none-eabi/4.8.4/armv6-m\libgcc.a
LOAD c:/freescale/kds_v3/toolchain/bin/../lib/gcc/arm-none-eabi/4.8.4/../../../../arm-none-eabi/lib/armv6-m\libc_s.a
LOAD c:/freescale/kds_v3/toolchain/bin/../lib/gcc/arm-none-eabi/4.8.4/../../../../arm-none-eabi/lib/armv6-m\libnosys.a
END GROUP
START GROUP
LOAD c:/freescale/kds_v3/toolchain/bin/../lib/gcc/arm-none-eabi/4.8.4/armv6-m\libgcc.a
LOAD c:/freescale/kds_v3/toolchain/bin/../lib/gcc/arm-none-eabi/4.8.4/../../../../arm-none-eabi/lib/armv6-m\libc_s.a
LOAD c:/freescale/kds_v3/toolchain/bin/../lib/gcc/arm-none-eabi/4.8.4/../../../../arm-none-eabi/lib/armv6-m\libnosys.a
END GROUP
LOAD c:/freescale/kds_v3/toolchain/bin/../lib/gcc/arm-none-eabi/4.8.4/armv6-m/crtend.o
LOAD c:/freescale/kds_v3/toolchain/bin/../lib/gcc/arm-none-eabi/4.8.4/armv6-m/crtn.o
                0x00000400                HEAP_SIZE = DEFINED (__heap_size__)?__heap_size__:0x400
                0x00000400                STACK_SIZE = DEFINED (__stack_size__)?__stack_size__:0x400

.interrupts     0x00000000       0xc0
                0x00000000                __VECTOR_TABLE = .
                0x00000000                . = ALIGN (0x4)
 *(.isr_vector)
 .isr_vector    0x00000000       0xc0 ./Project_Settings/Startup_Code/startup_MKL25Z4.o
                0x00000000                __isr_vector
                0x000000c0                . = ALIGN (0x4)

.flash_config   0x00000400       0x10
                0x00000400                . = ALIGN (0x4)
 *(.FlashConfig)
 .FlashConfig   0x00000400       0x10 ./Project_Settings/Startup_Code/startup_MKL25Z4.o
                0x00000410                . = ALIGN (0x4)

.text           0x00000410      0x7e8
                0x00000410                . = ALIGN (0x4)
 *(.text)
 .text          0x00000410       0x60 c:/freescale/kds_v3/toolchain/bin/../lib/gcc/arm-none-eabi/4.8.4/armv6-m/crtbegin.o
 .text          0x00000470       0x78 c:/freescale/kds_v3/toolchain/bin/../lib/gcc/arm-none-eabi/4.8.4/../../../../arm-none-eabi/lib/armv6-m/crt0.o
                0x00000470                _start
                0x00000470                _mainCRTStartup
 .text          0x000004e8       0x34 ./Project_Settings/Startup_Code/startup_MKL25Z4.o
                0x000004e8                Reset_Handler
                0x00000514                HardFault_Handler
                0x00000514                SysTick_Handler
                0x00000514                PendSV_Handler
                0x00000514                NMI_Handler
                0x00000514                I2C1_IRQHandler
                0x00000514                UART1_IRQHandler
                0x00000514                DMA2_IRQHandler
                0x00000514                TPM0_IRQHandler
                0x00000514                LLWU_IRQHandler
                0x00000514                TSI0_IRQHandler
                0x00000514                ADC0_IRQHandler
                0x00000514                Reserved39_IRQHandler
                0x00000514                SPI1_IRQHandler
                0x00000514                DefaultISR
                0x00000514                PORTD_IRQHandler
                0x00000514                TPM2_IRQHandler
                0x00000514                RTC_IRQHandler
                0x00000514                I2C0_IRQHandler
                0x00000514                RTC_Seconds_IRQHandler
                0x00000514                MCG_IRQHandler
                0x00000514                UART2_IRQHandler
                0x00000514                Reserved20_IRQHandler
                0x00000514                USB0_IRQHandler
                0x00000514                PIT_IRQHandler
                0x00000514                SVC_Handler
                0x00000514                DMA3_IRQHandler
                0x00000514                DMA0_IRQHandler
                0x00000514                DAC0_IRQHandler
                0x00000514                Reserved45_IRQHandler
                0x00000514                LVD_LVW_IRQHandler
                0x00000514                SPI0_IRQHandler
                0x00000514                PORTA_IRQHandler
                0x00000514                FTFA_IRQHandler
                0x00000514                LPTMR0_IRQHandler
                0x00000514                CMP0_IRQHandler
                0x00000514                DMA1_IRQHandler
 *(.text*)
 .text.init_cbuff
                0x0000051c       0x6c ./Sources/cbuffer.o
                0x0000051c                init_cbuff
 .text.buffer_full
                0x00000588       0x2c ./Sources/cbuffer.o
                0x00000588                buffer_full
 .text.buffer_empty
                0x000005b4       0x2c ./Sources/cbuffer.o
                0x000005b4                buffer_empty
 .text.add_cbuff
                0x000005e0       0x6c ./Sources/cbuffer.o
                0x000005e0                add_cbuff
 .text.del_cbuff
                0x0000064c       0x6c ./Sources/cbuffer.o
                0x0000064c                del_cbuff
 .text.LOG_0    0x000006b8       0x5c ./Sources/logger.o
                0x000006b8                LOG_0
 .text.main     0x00000714       0xf8 ./Sources/main.o
                0x00000714                main
 .text.UART0_IRQHandler
                0x0000080c      0x15c ./Sources/nvic.o
                0x0000080c                UART0_IRQHandler
 .text.TPM1_IRQHandler
                0x00000968       0x34 ./Sources/nvic.o
                0x00000968                TPM1_IRQHandler
 .text.init_profiler
                0x0000099c       0x84 ./Sources/profiler.o
                0x0000099c                init_profiler
 .text.start_time
                0x00000a20       0x18 ./Sources/profiler.o
                0x00000a20                start_time
 .text.end_time
                0x00000a38       0x68 ./Sources/profiler.o
                0x00000a38                end_time
 .text.SystemInit
                0x00000aa0       0x18 ./Project_Settings/Startup_Code/system_MKL25Z4.o
                0x00000aa0                SystemInit
 .text.exit     0x00000ab8       0x2c c:/freescale/kds_v3/toolchain/bin/../lib/gcc/arm-none-eabi/4.8.4/../../../../arm-none-eabi/lib/armv6-m\libg_s.a(lib_a-exit.o)
                0x00000ab8                exit
 .text.__libc_init_array
                0x00000ae4       0x4c c:/freescale/kds_v3/toolchain/bin/../lib/gcc/arm-none-eabi/4.8.4/../../../../arm-none-eabi/lib/armv6-m\libg_s.a(lib_a-init.o)
                0x00000ae4                __libc_init_array
 .text.memset   0x00000b30       0x10 c:/freescale/kds_v3/toolchain/bin/../lib/gcc/arm-none-eabi/4.8.4/../../../../arm-none-eabi/lib/armv6-m\libg_s.a(lib_a-memset.o)
                0x00000b30                memset
 .text._exit    0x00000b40        0x4 c:/freescale/kds_v3/toolchain/bin/../lib/gcc/arm-none-eabi/4.8.4/../../../../arm-none-eabi/lib/armv6-m\libnosys.a(_exit.o)
                0x00000b40                _exit
 *(.rodata)
 .rodata        0x00000b44       0x28 ./Sources/cbuffer.o
 .rodata        0x00000b6c       0x54 ./Sources/main.o
 .rodata        0x00000bc0       0x18 ./Sources/nvic.o
 *(.rodata*)
 .rodata.str1.1
                0x00000bd8        0x2 c:/freescale/kds_v3/toolchain/bin/../lib/gcc/arm-none-eabi/4.8.4/../../../../arm-none-eabi/lib/armv6-m\libg_s.a(lib_a-impure.o)
 *fill*         0x00000bda        0x2 
 .rodata._global_impure_ptr
                0x00000bdc        0x4 c:/freescale/kds_v3/toolchain/bin/../lib/gcc/arm-none-eabi/4.8.4/../../../../arm-none-eabi/lib/armv6-m\libg_s.a(lib_a-impure.o)
                0x00000bdc                _global_impure_ptr
 *(.glue_7)
 .glue_7        0x00000000        0x0 linker stubs
 *(.glue_7t)
 .glue_7t       0x00000000        0x0 linker stubs
 *(.eh_frame)
 .eh_frame      0x00000be0        0x0 c:/freescale/kds_v3/toolchain/bin/../lib/gcc/arm-none-eabi/4.8.4/armv6-m/crtbegin.o
 *(.init)
 .init          0x00000be0        0x4 c:/freescale/kds_v3/toolchain/bin/../lib/gcc/arm-none-eabi/4.8.4/armv6-m/crti.o
                0x00000be0                _init
 .init          0x00000be4        0x8 c:/freescale/kds_v3/toolchain/bin/../lib/gcc/arm-none-eabi/4.8.4/armv6-m/crtn.o
 *(.fini)
 .fini          0x00000bec        0x4 c:/freescale/kds_v3/toolchain/bin/../lib/gcc/arm-none-eabi/4.8.4/armv6-m/crti.o
                0x00000bec                _fini
 .fini          0x00000bf0        0x8 c:/freescale/kds_v3/toolchain/bin/../lib/gcc/arm-none-eabi/4.8.4/armv6-m/crtn.o
                0x00000bf8                . = ALIGN (0x4)

.vfp11_veneer   0x00000bf8        0x0
 .vfp11_veneer  0x00000000        0x0 linker stubs

.v4_bx          0x00000bf8        0x0
 .v4_bx         0x00000000        0x0 linker stubs

.iplt           0x00000bf8        0x0
 .iplt          0x00000000        0x0 c:/freescale/kds_v3/toolchain/bin/../lib/gcc/arm-none-eabi/4.8.4/armv6-m/crtbegin.o

.ARM.extab
 *(.ARM.extab* .gnu.linkonce.armextab.*)

.ARM            0x00000bf8        0x8
                0x00000bf8                __exidx_start = .
 *(.ARM.exidx*)
 .ARM.exidx     0x00000bf8        0x8 c:/freescale/kds_v3/toolchain/bin/../lib/gcc/arm-none-eabi/4.8.4/../../../../arm-none-eabi/lib/armv6-m/crt0.o
                0x00000c00                __exidx_end = .

.rel.dyn        0x00000c00        0x0
 .rel.iplt      0x00000000        0x0 c:/freescale/kds_v3/toolchain/bin/../lib/gcc/arm-none-eabi/4.8.4/armv6-m/crtbegin.o

.ctors          0x00000c00        0x0
                0x00000c00                __CTOR_LIST__ = .
 *crtbegin.o(.ctors)
 *crtbegin?.o(.ctors)
 *(EXCLUDE_FILE(*crtend.o *crtend?.o) .ctors)
 *(SORT(.ctors.*))
 *(.ctors)
                0x00000c00                __CTOR_END__ = .

.dtors          0x00000c00        0x0
                0x00000c00                __DTOR_LIST__ = .
 *crtbegin.o(.dtors)
 *crtbegin?.o(.dtors)
 *(EXCLUDE_FILE(*crtend.o *crtend?.o) .dtors)
 *(SORT(.dtors.*))
 *(.dtors)
                0x00000c00                __DTOR_END__ = .

.preinit_array  0x00000c00        0x0
                0x00000c00                PROVIDE (__preinit_array_start, .)
 *(.preinit_array*)
                0x00000c00                PROVIDE (__preinit_array_end, .)

.init_array     0x00000c00        0x4
                0x00000c00                PROVIDE (__init_array_start, .)
 *(SORT(.init_array.*))
 *(.init_array*)
 .init_array    0x00000c00        0x4 c:/freescale/kds_v3/toolchain/bin/../lib/gcc/arm-none-eabi/4.8.4/armv6-m/crtbegin.o
                0x00000c04                PROVIDE (__init_array_end, .)

.fini_array     0x00000c04        0x4
                0x00000c04                PROVIDE (__fini_array_start, .)
 *(SORT(.fini_array.*))
 *(.fini_array*)
 .fini_array    0x00000c04        0x4 c:/freescale/kds_v3/toolchain/bin/../lib/gcc/arm-none-eabi/4.8.4/armv6-m/crtbegin.o
                0x00000c08                PROVIDE (__fini_array_end, .)
                0x00000c08                __etext = .
                0x00000c08                __DATA_ROM = .

.mtb            0x1ffff000        0x0
                0x1ffff000                . = ALIGN (0x8)
                0x1ffff000                _mtb_start = .
 *(.mtb_buf)
                0x1ffff000                . = ALIGN (0x8)
                0x1ffff000                _mtb_end = .

.data           0x1ffff000       0x64 load address 0x00000c08
                0x1ffff000                . = ALIGN (0x4)
                0x1ffff000                __DATA_RAM = .
                0x1ffff000                __data_start__ = .
 *(.data)
 *(.data*)
 .data.impure_data
                0x1ffff000       0x60 c:/freescale/kds_v3/toolchain/bin/../lib/gcc/arm-none-eabi/4.8.4/../../../../arm-none-eabi/lib/armv6-m\libg_s.a(lib_a-impure.o)
 *(.jcr*)
 .jcr           0x1ffff060        0x0 c:/freescale/kds_v3/toolchain/bin/../lib/gcc/arm-none-eabi/4.8.4/armv6-m/crtbegin.o
 .jcr           0x1ffff060        0x4 c:/freescale/kds_v3/toolchain/bin/../lib/gcc/arm-none-eabi/4.8.4/armv6-m/crtend.o
                0x1ffff064                . = ALIGN (0x4)
                0x1ffff064                __data_end__ = .
                0x00000c6c                __DATA_END = (__DATA_ROM + (__data_end__ - __data_start__))

.igot.plt       0x1ffff064        0x0 load address 0x00000c6c
 .igot.plt      0x00000000        0x0 c:/freescale/kds_v3/toolchain/bin/../lib/gcc/arm-none-eabi/4.8.4/armv6-m/crtbegin.o

.bss            0x1ffff064       0xb4 load address 0x00000c6c
                0x1ffff064                . = ALIGN (0x4)
                0x1ffff064                __START_BSS = .
                0x1ffff064                __bss_start__ = .
 *(.bss)
 .bss           0x1ffff064       0x1c c:/freescale/kds_v3/toolchain/bin/../lib/gcc/arm-none-eabi/4.8.4/armv6-m/crtbegin.o
 *(.bss*)
 .bss.rec_length
                0x1ffff080        0x1 ./Sources/nvic.o
                0x1ffff080                rec_length
 .bss.i         0x1ffff081        0x1 ./Sources/nvic.o
                0x1ffff081                i
 .bss.overflow_count
                0x1ffff082        0x1 ./Sources/profiler.o
                0x1ffff082                overflow_count
 *(COMMON)
 *fill*         0x1ffff083        0x1 
 COMMON         0x1ffff084       0x90 ./Sources/cbuffer.o
                0x1ffff084                T_arr
                0x1ffff0b8                R_arr
                0x1ffff0ec                TXBUFF
                0x1ffff100                RXBUFF
 COMMON         0x1ffff114        0x1 ./Sources/main.o
                0x1ffff114                data_ready
 COMMON         0x1ffff115        0x1 ./Sources/nvic.o
                0x1ffff115                rec_char
                0x1ffff118                . = ALIGN (0x4)
 *fill*         0x1ffff116        0x2 
                0x1ffff118                __bss_end__ = .
                0x1ffff118                __END_BSS = .

.heap           0x1ffff118      0x400 load address 0x00000d20
                0x1ffff118                . = ALIGN (0x8)
                0x1ffff118                __end__ = .
                0x1ffff118                PROVIDE (end, .)
                0x1ffff118                __HeapBase = .
                0x1ffff518                . = (. + HEAP_SIZE)
 *fill*         0x1ffff118      0x400 
                0x1ffff518                __HeapLimit = .

.stack          0x1ffff518      0x400 load address 0x00001120
                0x1ffff518                . = ALIGN (0x8)
                0x1ffff918                . = (. + STACK_SIZE)
 *fill*         0x1ffff518      0x400 
                0x20003000                __StackTop = (ORIGIN (m_data) + 0x4000)
                0x20002c00                __StackLimit = (__StackTop - STACK_SIZE)
                0x20003000                PROVIDE (__stack, __StackTop)

.ARM.attributes
                0x00000000       0x28
 *(.ARM.attributes)
 .ARM.attributes
                0x00000000       0x1e c:/freescale/kds_v3/toolchain/bin/../lib/gcc/arm-none-eabi/4.8.4/armv6-m/crti.o
 .ARM.attributes
                0x0000001e       0x2c c:/freescale/kds_v3/toolchain/bin/../lib/gcc/arm-none-eabi/4.8.4/armv6-m/crtbegin.o
 .ARM.attributes
                0x0000004a       0x1b c:/freescale/kds_v3/toolchain/bin/../lib/gcc/arm-none-eabi/4.8.4/../../../../arm-none-eabi/lib/armv6-m/crt0.o
 .ARM.attributes
                0x00000065       0x32 ./Sources/cbuffer.o
 .ARM.attributes
                0x00000097       0x32 ./Sources/logger.o
 .ARM.attributes
                0x000000c9       0x32 ./Sources/main.o
 .ARM.attributes
                0x000000fb       0x32 ./Sources/nvic.o
 .ARM.attributes
                0x0000012d       0x32 ./Sources/profiler.o
 .ARM.attributes
                0x0000015f       0x1b ./Project_Settings/Startup_Code/startup_MKL25Z4.o
 .ARM.attributes
                0x0000017a       0x32 ./Project_Settings/Startup_Code/system_MKL25Z4.o
 .ARM.attributes
                0x000001ac       0x2c c:/freescale/kds_v3/toolchain/bin/../lib/gcc/arm-none-eabi/4.8.4/../../../../arm-none-eabi/lib/armv6-m\libg_s.a(lib_a-exit.o)
 .ARM.attributes
                0x000001d8       0x2c c:/freescale/kds_v3/toolchain/bin/../lib/gcc/arm-none-eabi/4.8.4/../../../../arm-none-eabi/lib/armv6-m\libg_s.a(lib_a-impure.o)
 .ARM.attributes
                0x00000204       0x2c c:/freescale/kds_v3/toolchain/bin/../lib/gcc/arm-none-eabi/4.8.4/../../../../arm-none-eabi/lib/armv6-m\libg_s.a(lib_a-init.o)
 .ARM.attributes
                0x00000230       0x2c c:/freescale/kds_v3/toolchain/bin/../lib/gcc/arm-none-eabi/4.8.4/../../../../arm-none-eabi/lib/armv6-m\libg_s.a(lib_a-memset.o)
 .ARM.attributes
                0x0000025c       0x2c c:/freescale/kds_v3/toolchain/bin/../lib/gcc/arm-none-eabi/4.8.4/../../../../arm-none-eabi/lib/armv6-m\libnosys.a(_exit.o)
 .ARM.attributes
                0x00000288       0x2c c:/freescale/kds_v3/toolchain/bin/../lib/gcc/arm-none-eabi/4.8.4/armv6-m/crtend.o
 .ARM.attributes
                0x000002b4       0x1e c:/freescale/kds_v3/toolchain/bin/../lib/gcc/arm-none-eabi/4.8.4/armv6-m/crtn.o
                0x00000001                ASSERT ((__StackLimit >= __HeapLimit), region m_data overflowed with stack and heap)
OUTPUT(project2_ese.elf elf32-littlearm)

.debug_info     0x00000000     0x1785
 .debug_info    0x00000000      0x2a3 ./Sources/cbuffer.o
 .debug_info    0x000002a3      0x495 ./Sources/logger.o
 .debug_info    0x00000738      0x2c4 ./Sources/main.o
 .debug_info    0x000009fc      0x378 ./Sources/nvic.o
 .debug_info    0x00000d74      0x5a2 ./Sources/profiler.o
 .debug_info    0x00001316       0x82 ./Project_Settings/Startup_Code/startup_MKL25Z4.o
 .debug_info    0x00001398      0x3ed ./Project_Settings/Startup_Code/system_MKL25Z4.o

.debug_abbrev   0x00000000      0x6ce
 .debug_abbrev  0x00000000       0xf6 ./Sources/cbuffer.o
 .debug_abbrev  0x000000f6      0x156 ./Sources/logger.o
 .debug_abbrev  0x0000024c      0x104 ./Sources/main.o
 .debug_abbrev  0x00000350      0x122 ./Sources/nvic.o
 .debug_abbrev  0x00000472      0x13f ./Sources/profiler.o
 .debug_abbrev  0x000005b1       0x14 ./Project_Settings/Startup_Code/startup_MKL25Z4.o
 .debug_abbrev  0x000005c5      0x109 ./Project_Settings/Startup_Code/system_MKL25Z4.o

.debug_aranges  0x00000000      0x148
 .debug_aranges
                0x00000000       0x48 ./Sources/cbuffer.o
 .debug_aranges
                0x00000048       0x40 ./Sources/logger.o
 .debug_aranges
                0x00000088       0x20 ./Sources/main.o
 .debug_aranges
                0x000000a8       0x28 ./Sources/nvic.o
 .debug_aranges
                0x000000d0       0x30 ./Sources/profiler.o
 .debug_aranges
                0x00000100       0x20 ./Project_Settings/Startup_Code/startup_MKL25Z4.o
 .debug_aranges
                0x00000120       0x28 ./Project_Settings/Startup_Code/system_MKL25Z4.o

.debug_ranges   0x00000000       0xc8
 .debug_ranges  0x00000000       0x38 ./Sources/cbuffer.o
 .debug_ranges  0x00000038       0x30 ./Sources/logger.o
 .debug_ranges  0x00000068       0x10 ./Sources/main.o
 .debug_ranges  0x00000078       0x18 ./Sources/nvic.o
 .debug_ranges  0x00000090       0x20 ./Sources/profiler.o
 .debug_ranges  0x000000b0       0x18 ./Project_Settings/Startup_Code/system_MKL25Z4.o

.debug_macro    0x00000000     0x9ff0
 .debug_macro   0x00000000      0x181 ./Sources/cbuffer.o
 .debug_macro   0x00000181      0x802 ./Sources/cbuffer.o
 .debug_macro   0x00000983       0x1c ./Sources/cbuffer.o
 .debug_macro   0x0000099f       0x16 ./Sources/cbuffer.o
 .debug_macro   0x000009b5       0x44 ./Sources/cbuffer.o
 .debug_macro   0x000009f9      0x209 ./Sources/cbuffer.o
 .debug_macro   0x00000c02       0x1c ./Sources/cbuffer.o
 .debug_macro   0x00000c1e       0x4c ./Sources/cbuffer.o
 .debug_macro   0x00000c6a       0x3a ./Sources/cbuffer.o
 .debug_macro   0x00000ca4       0x26 ./Sources/cbuffer.o
 .debug_macro   0x00000cca      0x306 ./Sources/cbuffer.o
 .debug_macro   0x00000fd0       0x63 ./Sources/cbuffer.o
 .debug_macro   0x00001033     0x839f ./Sources/cbuffer.o
 .debug_macro   0x000093d2       0x10 ./Sources/cbuffer.o
 .debug_macro   0x000093e2       0x16 ./Sources/cbuffer.o
 .debug_macro   0x000093f8       0x58 ./Sources/cbuffer.o
 .debug_macro   0x00009450       0x35 ./Sources/cbuffer.o
 .debug_macro   0x00009485       0xa3 ./Sources/cbuffer.o
 .debug_macro   0x00009528      0x166 ./Sources/cbuffer.o
 .debug_macro   0x0000968e       0x52 ./Sources/cbuffer.o
 .debug_macro   0x000096e0       0x16 ./Sources/cbuffer.o
 .debug_macro   0x000096f6       0x43 ./Sources/cbuffer.o
 .debug_macro   0x00009739      0x180 ./Sources/cbuffer.o
 .debug_macro   0x000098b9       0xde ./Sources/cbuffer.o
 .debug_macro   0x00009997       0x16 ./Sources/cbuffer.o
 .debug_macro   0x000099ad       0x16 ./Sources/cbuffer.o
 .debug_macro   0x000099c3       0x35 ./Sources/cbuffer.o
 .debug_macro   0x000099f8       0x22 ./Sources/cbuffer.o
 .debug_macro   0x00009a1a      0x156 ./Sources/logger.o
 .debug_macro   0x00009b70      0x156 ./Sources/main.o
 .debug_macro   0x00009cc6      0x156 ./Sources/nvic.o
 .debug_macro   0x00009e1c      0x156 ./Sources/profiler.o
 .debug_macro   0x00009f72       0x7e ./Project_Settings/Startup_Code/system_MKL25Z4.o

.debug_line     0x00000000     0x1145
 .debug_line    0x00000000      0x327 ./Sources/cbuffer.o
 .debug_line    0x00000327      0x32a ./Sources/logger.o
 .debug_line    0x00000651      0x2b2 ./Sources/main.o
 .debug_line    0x00000903      0x2ca ./Sources/nvic.o
 .debug_line    0x00000bcd      0x2bd ./Sources/profiler.o
 .debug_line    0x00000e8a       0x7b ./Project_Settings/Startup_Code/startup_MKL25Z4.o
 .debug_line    0x00000f05      0x240 ./Project_Settings/Startup_Code/system_MKL25Z4.o

.debug_str      0x00000000    0x33b31
 .debug_str     0x00000000    0x33819 ./Sources/cbuffer.o
                              0x33cb5 (size before relaxing)
 .debug_str     0x00033819       0xae ./Sources/logger.o
                              0x33c81 (size before relaxing)
 .debug_str     0x000338c7       0x42 ./Sources/main.o
                              0x33c01 (size before relaxing)
 .debug_str     0x00033909       0x8f ./Sources/nvic.o
                              0x33c5d (size before relaxing)
 .debug_str     0x00033998      0x122 ./Sources/profiler.o
                              0x33d22 (size before relaxing)
 .debug_str     0x00033aba       0x77 ./Project_Settings/Startup_Code/system_MKL25Z4.o
                              0x31f00 (size before relaxing)

.comment        0x00000000       0x70
 .comment       0x00000000       0x70 ./Sources/cbuffer.o
                                 0x71 (size before relaxing)
 .comment       0x00000000       0x71 ./Sources/logger.o
 .comment       0x00000000       0x71 ./Sources/main.o
 .comment       0x00000000       0x71 ./Sources/nvic.o
 .comment       0x00000000       0x71 ./Sources/profiler.o
 .comment       0x00000000       0x71 ./Project_Settings/Startup_Code/system_MKL25Z4.o

.debug_frame    0x00000000      0x344
 .debug_frame   0x00000000       0xd0 ./Sources/cbuffer.o
 .debug_frame   0x000000d0       0xb4 ./Sources/logger.o
 .debug_frame   0x00000184       0x30 ./Sources/main.o
 .debug_frame   0x000001b4       0x48 ./Sources/nvic.o
 .debug_frame   0x000001fc       0x68 ./Sources/profiler.o
 .debug_frame   0x00000264       0x4c ./Project_Settings/Startup_Code/system_MKL25Z4.o
 .debug_frame   0x000002b0       0x28 c:/freescale/kds_v3/toolchain/bin/../lib/gcc/arm-none-eabi/4.8.4/../../../../arm-none-eabi/lib/armv6-m\libg_s.a(lib_a-exit.o)
 .debug_frame   0x000002d8       0x2c c:/freescale/kds_v3/toolchain/bin/../lib/gcc/arm-none-eabi/4.8.4/../../../../arm-none-eabi/lib/armv6-m\libg_s.a(lib_a-init.o)
 .debug_frame   0x00000304       0x20 c:/freescale/kds_v3/toolchain/bin/../lib/gcc/arm-none-eabi/4.8.4/../../../../arm-none-eabi/lib/armv6-m\libg_s.a(lib_a-memset.o)
 .debug_frame   0x00000324       0x20 c:/freescale/kds_v3/toolchain/bin/../lib/gcc/arm-none-eabi/4.8.4/../../../../arm-none-eabi/lib/armv6-m\libnosys.a(_exit.o)
